******************************************************************************
                  TI ARM Linker PC v20.2.5                     
******************************************************************************
>> Linked Mon Jan  5 00:22:14 2026

OUTPUT FILE NAME:   <embedded systems - kyh-cloud333.out>
ENTRY POINT SYMBOL: "ResetISR"  address: 00001909


MEMORY CONFIGURATION

         name            origin    length      used     unused   attr    fill
----------------------  --------  ---------  --------  --------  ----  --------
  FLASH                 00000000   00020000  00001c85  0001e37b  R  X
  GPRAM                 11000000   00002000  00000000  00002000  RW X
  SRAM                  20000000   00005000  000001ec  00004e14  RW X


SEGMENT ALLOCATION MAP

run origin  load origin   length   init length attrs members
----------  ----------- ---------- ----------- ----- -------
00000000    00000000    00001be5   00001be5    r-x
  00000000    00000000    000000c8   000000c8    r-- .intvecs
  000000c8    000000c8    000018d6   000018d6    r-x .text
  0000199e    0000199e    00000247   00000247    r-- .const
00001be8    00001be8    00000008   00000008    rw-
  00001be8    00001be8    00000008   00000008    rw- .args
00001bf0    00001bf0    00000040   00000040    r--
  00001bf0    00001bf0    00000040   00000040    r-- .cinit
0001ffa8    0001ffa8    00000058   00000058    r--
  0001ffa8    0001ffa8    00000058   00000058    r-- .ccfg
20000000    20000000    000000ec   00000000    rw-
  20000000    20000000    000000c8   00000000    rw- .vtable_ram
  200000c8    200000c8    00000014   00000000    rw- .bss
  200000dc    200000dc    00000010   00000000    rw- .data
20004f00    20004f00    00000100   00000000    rw-
  20004f00    20004f00    00000100   00000000    rw- .stack


SECTION ALLOCATION MAP

 output                                  attributes/
section   page    origin      length       input sections
--------  ----  ----------  ----------   ----------------
.intvecs   0    00000000    000000c8     
                  00000000    000000c8     startup_ccs.obj (.intvecs)

.text      0    000000c8    000018d6     
                  000000c8    000003fc     main.obj (.text:UART_Interrupt_Handler)
                  000004c4    000003e0     main.obj (.text:Timer_Interrupt_Handler)
                  000008a4    00000130     driverlib.lib : setup_rom.obj (.text:NOROM_SetupAfterColdResetWakeupFromShutDownCfg3)
                  000009d4    00000104     main.obj (.text:setup_GPIO)
                  00000ad8    000000f0     driverlib.lib : setup_rom.obj (.text:NOROM_SetupAfterColdResetWakeupFromShutDownCfg2)
                  00000bc8    000000c0                   : setup.obj (.text:TrimAfterColdResetWakeupFromShutDown)
                  00000c88    000000bc     main.obj (.text:setup_UART)
                  00000d44    000000a8     driverlib.lib : setup.obj (.text:NOROM_SetupTrimDevice)
                  00000dec    000000a4                   : setup_rom.obj (.text:NOROM_SetupAfterColdResetWakeupFromShutDownCfg1)
                  00000e90    0000009c     rtsv7M3_T_le_eabi.lib : memcpy_t2.asm.obj (.text)
                  00000f2c    00000098     main.obj (.text:setup_Timer)
                  00000fc4    00000094     main.obj (.text:setup_RNG)
                  00001058    00000074     driverlib.lib : setup_rom.obj (.text:NOROM_SetupSetVddrLevel)
                  000010cc    00000070                   : chipinfo.obj (.text:NOROM_ChipInfo_GetHwRevision)
                  0000113c    0000006c                   : setup_rom.obj (.text:NOROM_SetupGetTrimForAmpcompCtrl)
                  000011a8    00000068                   : setup_rom.obj (.text:NOROM_SetupGetTrimForAnabypassValue1)
                  00001210    00000068     rtsv7M3_T_le_eabi.lib : copy_decompress_lzss.c.obj (.text:decompress:lzss:__TI_decompress_lzss)
                  00001278    00000060     driverlib.lib : osc.obj (.text:NOROM_OSCClockSourceSet)
                  000012d8    00000050                   : setup_rom.obj (.text:NOROM_SetupSetCacheModeAccordingToCcfgSetting)
                  00001328    00000050     main.obj (.text:menu_display)
                  00001378    00000048     driverlib.lib : chipinfo.obj (.text:NOROM_ChipInfo_GetChipFamily)
                  000013c0    00000044     rtsv7M3_T_le_eabi.lib : autoinit.c.obj (.text:__TI_auto_init_nobinit_nopinit:__TI_auto_init_nobinit_nopinit)
                  00001404    00000040     driverlib.lib : timer.obj (.text:NOROM_TimerIntRegister)
                  00001444    00000034                   : interrupt.obj (.text:NOROM_IntRegister)
                  00001478    00000034                   : trng.obj (.text:NOROM_TRNGConfigure)
                  000014ac    00000030                   : setup_rom.obj (.text:NOROM_SetupSetAonRtcSubSecInc)
                  000014dc    00000030                   : timer.obj (.text:TimerIntNumberGet)
                  0000150c    0000002c                   : ddi.obj (.text:NOROM_DDI32RegWrite)
                  00001538    0000002c                   : osc.obj (.text:NOROM_OSCClockSourceGet)
                  00001564    0000002c                   : setup_rom.obj (.text:NOROM_SetupGetTrimForRadcExtCfg)
                  00001590    0000002a     main.obj (.text:TimerLoadSet)
                  000015ba    00000002     startup_ccs.obj (.text:FaultISR)
                  000015bc    00000028     driverlib.lib : aon_batmon.obj (.text:NOROM_AONBatMonTemperatureGetDegC)
                  000015e4    00000024     main.obj (.text:UARTEnable)
                  00001608    00000024     rtsv7M3_T_le_eabi.lib : boot_cortex_m.c.obj (.text:_c_int00:_c_int00)
                  0000162c    00000020     main.obj (.text:IOCIntRegister)
                  0000164c    00000020     driverlib.lib : setup_rom.obj (.text:NOROM_SetupGetTrimForXoscHfCtl)
                  0000166c    0000001e     main.obj (.text:TimerEnable)
                  0000168a    0000001e     main.obj (.text:UARTCharsAvail)
                  000016a8    0000001e     main.obj (.text:UARTIntStatus)
                  000016c6    00000002     main.obj (.text:IOC_Interrupt_Handler)
                  000016c8    0000001c     driverlib.lib : setup_rom.obj (.text:NOROM_SetupGetTrimForAmpcompTh2)
                  000016e4    0000001c                   : setup_rom.obj (.text:NOROM_SetupGetTrimForRcOscLfRtuneCtuneTrim)
                  00001700    0000001c     main.obj (.text:PRCMLoadGet)
                  0000171c    0000001c     rtsv7M3_T_le_eabi.lib : copy_zero_init.c.obj (.text:decompress:ZI:__TI_zero_init_nomemset:__TI_zero_init_nomemset)
                  00001738    00000018     main.obj (.text:GPIO_clearEventDio)
                  00001750    00000018     driverlib.lib : setup_rom.obj (.text:NOROM_SetupGetTrimForAdcShModeEn)
                  00001768    00000018                   : setup_rom.obj (.text:NOROM_SetupGetTrimForAdcShVbufEn)
                  00001780    00000018                   : setup_rom.obj (.text:NOROM_SetupGetTrimForAmpcompTh1)
                  00001798    00000018                   : setup_rom.obj (.text:NOROM_SetupGetTrimForDblrLoopFilterResetVoltage)
                  000017b0    00000018                   : setup_rom.obj (.text:NOROM_SetupGetTrimForRcOscLfIBiasTrim)
                  000017c8    00000018                   : setup_rom.obj (.text:NOROM_SetupGetTrimForXoscLfRegulatorAndCmirrwrRatio)
                  000017e0    00000018                   : uart.obj (.text:NOROM_UARTIntRegister)
                  000017f8    00000018     main.obj (.text:TimerIntEnable)
                  00001810    00000018     main.obj (.text:UARTFIFOLevelSet)
                  00001828    00000018     main.obj (.text:UARTIntEnable)
                  00001840    00000018     rtsv7M3_T_le_eabi.lib : args_main.c.obj (.text:_args_main)
                  00001858    00000018     main.obj (.text:main)
                  00001870    00000016     driverlib.lib : chipinfo.obj (.text:NOROM_ThisCodeIsBuiltForCC13xxHwRev20AndLater_HaltIfViolated)
                  00001886    00000016     main.obj (.text:UARTHwFlowControlDisable)
                  0000189c    00000014     main.obj (.text:AONBatMonBatteryVoltageGet)
                  000018b0    00000014     main.obj (.text:PRCMGPTimerClockDivisionSet)
                  000018c4    00000012     main.obj (.text:TimerIntClear)
                  000018d6    00000012     main.obj (.text:UARTIntClear)
                  000018e8    00000010     driverlib.lib : setup_rom.obj (.text:NOROM_SetupGetTrimForXoscHfFastStart)
                  000018f8    00000010                   : setup_rom.obj (.text:NOROM_SetupGetTrimForXoscHfIbiastherm)
                  00001908    00000010     startup_ccs.obj (.text:ResetISR)
                  00001918    0000000e     rtsv7M3_T_le_eabi.lib : copy_decompress_none.c.obj (.text:decompress:none:__TI_decompress_none)
                  00001926    00000002     startup_ccs.obj (.text:IntDefaultHandler)
                  00001928    0000000c     main.obj (.text:AONBatMonEnable)
                  00001934    0000000c     main.obj (.text:IOCIntClear)
                  00001940    0000000c     driverlib.lib : cpu.obj (.text:NOROM_CPUcpsid)
                  0000194c    0000000c                   : cpu.obj (.text:NOROM_CPUcpsie)
                  00001958    0000000c     main.obj (.text:PRCMLoadSet)
                  00001964    0000000c     main.obj (.text:TRNGEnable)
                  00001970    0000000c     main.obj (.text:TRNGReset)
                  0000197c    0000000c     main.obj (.text:TRNGStatusGet)
                  00001988    00000008     main.obj (.text:PRCMSleep)
                  00001990    00000004     main.obj (.text:CPUwfi)
                  00001994    00000004     rtsv7M3_T_le_eabi.lib : pre_init.c.obj (.text:_system_pre_init)
                  00001998    00000004                           : exit.c.obj (.text:abort:abort)
                  0000199c    00000002     startup_ccs.obj (.text:NmiSR)

.const     0    0000199e    00000247     
                  0000199e    00000156     main.obj (.const:.string:$P$T0$1)
                  00001af4    0000006c     main.obj (.const:.string:$P$T4$5)
                  00001b60    0000002d     main.obj (.const:.string:$P$T3$4)
                  00001b8d    0000002a     main.obj (.const:.string:$P$T5$6)
                  00001bb7    00000010     main.obj (.const:.string:$P$T2$3)
                  00001bc7    0000000f     main.obj (.const:.string:$P$T1$2)
                  00001bd6    0000000f     main.obj (.const:.string:$P$T6$7)

.binit     0    00000000    00000000     

.cinit     0    00001bf0    00000040     
                  00001bf0    0000000c     (__TI_handler_table)
                  00001bfc    0000000b     (.cinit..data.load) [load image, compression = lzss]
                  00001c07    00000001     --HOLE-- [fill = 0]
                  00001c08    00000008     (.cinit..bss.load) [load image, compression = zero_init]
                  00001c10    00000008     (.cinit..vtable_ram.load) [load image, compression = zero_init]
                  00001c18    00000018     (__TI_cinit_table)

.init_array 
*          0    00000000    00000000     UNINITIALIZED

.ccfg      0    0001ffa8    00000058     
                  0001ffa8    00000058     ccfg.obj (.ccfg:retain)

.vtable_ram 
*          0    20000000    000000c8     UNINITIALIZED
                  20000000    000000c8     driverlib.lib : interrupt.obj (.vtable_ram)

.bss       0    200000c8    00000014     UNINITIALIZED
                  200000c8    0000000c     (.common:random_str)
                  200000d4    00000004     main.obj (.bss)
                  200000d8    00000004     (.common:temperature)

.data      0    200000dc    00000010     UNINITIALIZED
                  200000dc    00000010     main.obj (.data)

.stack     0    20004f00    00000100     UNINITIALIZED
                  20004f00    00000004     rtsv7M3_T_le_eabi.lib : boot_cortex_m.c.obj (.stack)
                  20004f04    000000fc     --HOLE--

__llvm_prf_cnts 
*          0    20000000    00000000     UNINITIALIZED

.args      0    00001be8    00000008     
                  00001be8    00000008     --HOLE-- [fill = 0]

MODULE SUMMARY

       Module                       code   ro data   rw data
       ------                       ----   -------   -------
    .\
       main.obj                     3372   583       36     
       startup_ccs.obj              22     200       0      
       ccfg.obj                     0      88        0      
    +--+----------------------------+------+---------+---------+
       Total:                       3394   871       36     
                                                            
    C:/ti/tirtos_cc13xx_cc26xx_2_21_01_08/products/cc13xxware_2_04_03_17272/driverlib/bin/ccs/driverlib.lib
       setup_rom.obj                1472   0         0      
       setup.obj                    360    0         0      
       interrupt.obj                52     0         200    
       chipinfo.obj                 206    0         0      
       osc.obj                      140    0         0      
       timer.obj                    112    0         0      
       trng.obj                     52     0         0      
       ddi.obj                      44     0         0      
       aon_batmon.obj               40     0         0      
       cpu.obj                      24     0         0      
       uart.obj                     24     0         0      
    +--+----------------------------+------+---------+---------+
       Total:                       2526   0         200    
                                                            
    C:\ti\ccs1040\ccs\tools\compiler\ti-cgt-arm_20.2.5.LTS\lib\rtsv7M3_T_le_eabi.lib
       memcpy_t2.asm.obj            156    0         0      
       copy_decompress_lzss.c.obj   104    0         0      
       autoinit.c.obj               68     0         0      
       boot_cortex_m.c.obj          36     0         0      
       copy_zero_init.c.obj         28     0         0      
       args_main.c.obj              24     0         0      
       copy_decompress_none.c.obj   14     0         0      
       exit.c.obj                   4      0         0      
       pre_init.c.obj               4      0         0      
    +--+----------------------------+------+---------+---------+
       Total:                       438    0         0      
                                                            
       Stack:                       0      0         256    
       Linker Generated:            0      63        0      
    +--+----------------------------+------+---------+---------+
       Grand Total:                 6358   934       492    


LINKER GENERATED COPY TABLES

__TI_cinit_table @ 00001c18 records: 3, size/record: 8, table size: 24
	.data: load addr=00001bfc, load size=0000000b bytes, run addr=200000dc, run size=00000010 bytes, compression=lzss
	.bss: load addr=00001c08, load size=00000008 bytes, run addr=200000c8, run size=00000014 bytes, compression=zero_init
	.vtable_ram: load addr=00001c10, load size=00000008 bytes, run addr=20000000, run size=000000c8 bytes, compression=zero_init


LINKER GENERATED HANDLER TABLE

__TI_handler_table @ 00001bf0 records: 3, size/record: 4, table size: 12
	index: 0, handler: __TI_zero_init
	index: 1, handler: __TI_decompress_lzss
	index: 2, handler: __TI_decompress_none


GLOBAL SYMBOLS: SORTED ALPHABETICALLY BY Name 

address   name                                                        
-------   ----                                                        
00001999  C$$EXIT                                                     
000016c7  IOC_Interrupt_Handler                                       
000015bd  NOROM_AONBatMonTemperatureGetDegC                           
00001941  NOROM_CPUcpsid                                              
0000194d  NOROM_CPUcpsie                                              
00001379  NOROM_ChipInfo_GetChipFamily                                
000010cd  NOROM_ChipInfo_GetHwRevision                                
0000150d  NOROM_DDI32RegWrite                                         
00001445  NOROM_IntRegister                                           
00001539  NOROM_OSCClockSourceGet                                     
00001279  NOROM_OSCClockSourceSet                                     
00000ded  NOROM_SetupAfterColdResetWakeupFromShutDownCfg1             
00000ad9  NOROM_SetupAfterColdResetWakeupFromShutDownCfg2             
000008a5  NOROM_SetupAfterColdResetWakeupFromShutDownCfg3             
00001751  NOROM_SetupGetTrimForAdcShModeEn                            
00001769  NOROM_SetupGetTrimForAdcShVbufEn                            
0000113d  NOROM_SetupGetTrimForAmpcompCtrl                            
00001781  NOROM_SetupGetTrimForAmpcompTh1                             
000016c9  NOROM_SetupGetTrimForAmpcompTh2                             
000011a9  NOROM_SetupGetTrimForAnabypassValue1                        
00001799  NOROM_SetupGetTrimForDblrLoopFilterResetVoltage             
00001565  NOROM_SetupGetTrimForRadcExtCfg                             
000017b1  NOROM_SetupGetTrimForRcOscLfIBiasTrim                       
000016e5  NOROM_SetupGetTrimForRcOscLfRtuneCtuneTrim                  
0000164d  NOROM_SetupGetTrimForXoscHfCtl                              
000018e9  NOROM_SetupGetTrimForXoscHfFastStart                        
000018f9  NOROM_SetupGetTrimForXoscHfIbiastherm                       
000017c9  NOROM_SetupGetTrimForXoscLfRegulatorAndCmirrwrRatio         
000014ad  NOROM_SetupSetAonRtcSubSecInc                               
000012d9  NOROM_SetupSetCacheModeAccordingToCcfgSetting               
00001059  NOROM_SetupSetVddrLevel                                     
00000d45  NOROM_SetupTrimDevice                                       
00001479  NOROM_TRNGConfigure                                         
00001871  NOROM_ThisCodeIsBuiltForCC13xxHwRev20AndLater_HaltIfViolated
00001405  NOROM_TimerIntRegister                                      
000017e1  NOROM_UARTIntRegister                                       
00001909  ResetISR                                                    
000004c5  Timer_Interrupt_Handler                                     
000000c9  UART_Interrupt_Handler                                      
20005000  __STACK_END                                                 
00000100  __STACK_SIZE                                                
20005000  __STACK_TOP                                                 
00001c18  __TI_CINIT_Base                                             
00001c30  __TI_CINIT_Limit                                            
00001bf0  __TI_Handler_Table_Base                                     
00001bfc  __TI_Handler_Table_Limit                                    
000013c1  __TI_auto_init_nobinit_nopinit                              
00001211  __TI_decompress_lzss                                        
00001919  __TI_decompress_none                                        
ffffffff  __TI_pprof_out_hndl                                         
ffffffff  __TI_prof_data_size                                         
ffffffff  __TI_prof_data_start                                        
00000000  __TI_static_base__                                          
0000171d  __TI_zero_init_nomemset                                     
00000e91  __aeabi_memcpy                                              
00000e91  __aeabi_memcpy4                                             
00000e91  __aeabi_memcpy8                                             
ffffffff  __binit__                                                   
00001be8  __c_args__                                                  
0001ffa8  __ccfg                                                      
UNDEFED   __mpu_init                                                  
20004f00  __stack                                                     
20000000  __start___llvm_prf_cnts                                     
20000000  __stop___llvm_prf_cnts                                      
00001841  _args_main                                                  
00001609  _c_int00                                                    
UNDEFED   _system_post_cinit                                          
00001995  _system_pre_init                                            
00001999  abort                                                       
ffffffff  binit                                                       
200000e4  blinker_period                                              
200000e0  currently_running                                           
200000e2  echo_enabled                                                
200000ea  first_startup                                               
20000000  g_pfnRAMVectors                                             
00000000  g_pfnVectors                                                
00001859  main                                                        
00000e91  memcpy                                                      
00001329  menu_display                                                
200000e8  mode                                                        
200000dc  random                                                      
200000c8  random_str                                                  
000009d5  setup_GPIO                                                  
00000fc5  setup_RNG                                                   
00000f2d  setup_Timer                                                 
00000c89  setup_UART                                                  
200000e6  stopper                                                     
200000d8  temperature                                                 


GLOBAL SYMBOLS: SORTED BY Symbol Address 

address   name                                                        
-------   ----                                                        
00000000  __TI_static_base__                                          
00000000  g_pfnVectors                                                
000000c9  UART_Interrupt_Handler                                      
00000100  __STACK_SIZE                                                
000004c5  Timer_Interrupt_Handler                                     
000008a5  NOROM_SetupAfterColdResetWakeupFromShutDownCfg3             
000009d5  setup_GPIO                                                  
00000ad9  NOROM_SetupAfterColdResetWakeupFromShutDownCfg2             
00000c89  setup_UART                                                  
00000d45  NOROM_SetupTrimDevice                                       
00000ded  NOROM_SetupAfterColdResetWakeupFromShutDownCfg1             
00000e91  __aeabi_memcpy                                              
00000e91  __aeabi_memcpy4                                             
00000e91  __aeabi_memcpy8                                             
00000e91  memcpy                                                      
00000f2d  setup_Timer                                                 
00000fc5  setup_RNG                                                   
00001059  NOROM_SetupSetVddrLevel                                     
000010cd  NOROM_ChipInfo_GetHwRevision                                
0000113d  NOROM_SetupGetTrimForAmpcompCtrl                            
000011a9  NOROM_SetupGetTrimForAnabypassValue1                        
00001211  __TI_decompress_lzss                                        
00001279  NOROM_OSCClockSourceSet                                     
000012d9  NOROM_SetupSetCacheModeAccordingToCcfgSetting               
00001329  menu_display                                                
00001379  NOROM_ChipInfo_GetChipFamily                                
000013c1  __TI_auto_init_nobinit_nopinit                              
00001405  NOROM_TimerIntRegister                                      
00001445  NOROM_IntRegister                                           
00001479  NOROM_TRNGConfigure                                         
000014ad  NOROM_SetupSetAonRtcSubSecInc                               
0000150d  NOROM_DDI32RegWrite                                         
00001539  NOROM_OSCClockSourceGet                                     
00001565  NOROM_SetupGetTrimForRadcExtCfg                             
000015bd  NOROM_AONBatMonTemperatureGetDegC                           
00001609  _c_int00                                                    
0000164d  NOROM_SetupGetTrimForXoscHfCtl                              
000016c7  IOC_Interrupt_Handler                                       
000016c9  NOROM_SetupGetTrimForAmpcompTh2                             
000016e5  NOROM_SetupGetTrimForRcOscLfRtuneCtuneTrim                  
0000171d  __TI_zero_init_nomemset                                     
00001751  NOROM_SetupGetTrimForAdcShModeEn                            
00001769  NOROM_SetupGetTrimForAdcShVbufEn                            
00001781  NOROM_SetupGetTrimForAmpcompTh1                             
00001799  NOROM_SetupGetTrimForDblrLoopFilterResetVoltage             
000017b1  NOROM_SetupGetTrimForRcOscLfIBiasTrim                       
000017c9  NOROM_SetupGetTrimForXoscLfRegulatorAndCmirrwrRatio         
000017e1  NOROM_UARTIntRegister                                       
00001841  _args_main                                                  
00001859  main                                                        
00001871  NOROM_ThisCodeIsBuiltForCC13xxHwRev20AndLater_HaltIfViolated
000018e9  NOROM_SetupGetTrimForXoscHfFastStart                        
000018f9  NOROM_SetupGetTrimForXoscHfIbiastherm                       
00001909  ResetISR                                                    
00001919  __TI_decompress_none                                        
00001941  NOROM_CPUcpsid                                              
0000194d  NOROM_CPUcpsie                                              
00001995  _system_pre_init                                            
00001999  C$$EXIT                                                     
00001999  abort                                                       
00001be8  __c_args__                                                  
00001bf0  __TI_Handler_Table_Base                                     
00001bfc  __TI_Handler_Table_Limit                                    
00001c18  __TI_CINIT_Base                                             
00001c30  __TI_CINIT_Limit                                            
0001ffa8  __ccfg                                                      
20000000  __start___llvm_prf_cnts                                     
20000000  __stop___llvm_prf_cnts                                      
20000000  g_pfnRAMVectors                                             
200000c8  random_str                                                  
200000d8  temperature                                                 
200000dc  random                                                      
200000e0  currently_running                                           
200000e2  echo_enabled                                                
200000e4  blinker_period                                              
200000e6  stopper                                                     
200000e8  mode                                                        
200000ea  first_startup                                               
20004f00  __stack                                                     
20005000  __STACK_END                                                 
20005000  __STACK_TOP                                                 
ffffffff  __TI_pprof_out_hndl                                         
ffffffff  __TI_prof_data_size                                         
ffffffff  __TI_prof_data_start                                        
ffffffff  __binit__                                                   
ffffffff  binit                                                       
UNDEFED   __mpu_init                                                  
UNDEFED   _system_post_cinit                                          

[88 symbols]
